// Jest Snapshot v1, https://goo.gl/fbAQLP

exports[`Getting owned games from steam should return an array of games given a steam id 1`] = `
Array [
  Object {
    "id": 4000,
    "playTime": 0,
    "title": Promise {},
  },
  Object {
    "id": 12110,
    "playTime": 0,
    "title": Promise {},
  },
  Object {
    "id": 12240,
    "playTime": 23,
    "title": Promise {},
  },
  Object {
    "id": 20,
    "playTime": 0,
    "title": Promise {},
  },
  Object {
    "id": 50,
    "playTime": 0,
    "title": Promise {},
  },
  Object {
    "id": 70,
    "playTime": 438,
    "title": Promise {},
  },
  Object {
    "id": 130,
    "playTime": 0,
    "title": Promise {},
  },
  Object {
    "id": 220,
    "playTime": 51,
    "title": Promise {},
  },
  Object {
    "id": 280,
    "playTime": 0,
    "title": Promise {},
  },
  Object {
    "id": 320,
    "playTime": 0,
    "title": Promise {},
  },
  Object {
    "id": 340,
    "playTime": 0,
    "title": Promise {},
  },
  Object {
    "id": 360,
    "playTime": 0,
    "title": Promise {},
  },
  Object {
    "id": 380,
    "playTime": 0,
    "title": Promise {},
  },
  Object {
    "id": 420,
    "playTime": 0,
    "title": Promise {},
  },
  Object {
    "id": 20900,
    "playTime": 3,
    "title": Promise {},
  },
  Object {
    "id": 12200,
    "playTime": 1931,
    "title": Promise {},
  },
  Object {
    "id": 12210,
    "playTime": 22,
    "title": Promise {},
  },
  Object {
    "id": 17470,
    "playTime": 0,
    "title": Promise {},
  },
  Object {
    "id": 24740,
    "playTime": 0,
    "title": Promise {},
  },
  Object {
    "id": 10150,
    "playTime": 410,
    "title": Promise {},
  },
  Object {
    "id": 9870,
    "playTime": 726,
    "title": Promise {},
  },
  Object {
    "id": 6060,
    "playTime": 619,
    "title": Promise {},
  },
  Object {
    "id": 6000,
    "playTime": 5,
    "title": Promise {},
  },
  Object {
    "id": 32350,
    "playTime": 0,
    "title": Promise {},
  },
  Object {
    "id": 32370,
    "playTime": 1247,
    "title": Promise {},
  },
  Object {
    "id": 20500,
    "playTime": 0,
    "title": Promise {},
  },
  Object {
    "id": 32400,
    "playTime": 0,
    "title": Promise {},
  },
  Object {
    "id": 32380,
    "playTime": 0,
    "title": Promise {},
  },
  Object {
    "id": 6030,
    "playTime": 0,
    "title": Promise {},
  },
  Object {
    "id": 6020,
    "playTime": 0,
    "title": Promise {},
  },
  Object {
    "id": 32430,
    "playTime": 31,
    "title": Promise {},
  },
  Object {
    "id": 22370,
    "playTime": 144,
    "title": Promise {},
  },
  Object {
    "id": 8190,
    "playTime": 55,
    "title": Promise {},
  },
  Object {
    "id": 35140,
    "playTime": 632,
    "title": Promise {},
  },
  Object {
    "id": 32470,
    "playTime": 0,
    "title": Promise {},
  },
  Object {
    "id": 21130,
    "playTime": 614,
    "title": Promise {},
  },
  Object {
    "id": 17410,
    "playTime": 0,
    "title": Promise {},
  },
  Object {
    "id": 8980,
    "playTime": 1663,
    "title": Promise {},
  },
  Object {
    "id": 32500,
    "playTime": 253,
    "title": Promise {},
  },
  Object {
    "id": 42910,
    "playTime": 119,
    "title": Promise {},
  },
  Object {
    "id": 34330,
    "playTime": 501,
    "title": Promise {},
  },
  Object {
    "id": 620,
    "playTime": 667,
    "title": Promise {},
  },
  Object {
    "id": 105600,
    "playTime": 1192,
    "title": Promise {},
  },
  Object {
    "id": 20920,
    "playTime": 105,
    "title": Promise {},
  },
  Object {
    "id": 72850,
    "playTime": 9676,
    "title": Promise {},
  },
  Object {
    "id": 400,
    "playTime": 196,
    "title": Promise {},
  },
  Object {
    "id": 113200,
    "playTime": 0,
    "title": Promise {},
  },
  Object {
    "id": 110800,
    "playTime": 1677,
    "title": Promise {},
  },
  Object {
    "id": 55230,
    "playTime": 3563,
    "title": Promise {},
  },
  Object {
    "id": 57400,
    "playTime": 2600,
    "title": Promise {},
  },
  Object {
    "id": 200260,
    "playTime": 64,
    "title": Promise {},
  },
  Object {
    "id": 35720,
    "playTime": 436,
    "title": Promise {},
  },
  Object {
    "id": 102600,
    "playTime": 0,
    "title": Promise {},
  },
  Object {
    "id": 208580,
    "playTime": 1,
    "title": Promise {},
  },
  Object {
    "id": 207610,
    "playTime": 579,
    "title": Promise {},
  },
  Object {
    "id": 200710,
    "playTime": 549,
    "title": Promise {},
  },
  Object {
    "id": 15100,
    "playTime": 24,
    "title": Promise {},
  },
  Object {
    "id": 33230,
    "playTime": 2329,
    "title": Promise {},
  },
  Object {
    "id": 48190,
    "playTime": 1038,
    "title": Promise {},
  },
  Object {
    "id": 201870,
    "playTime": 390,
    "title": Promise {},
  },
  Object {
    "id": 108800,
    "playTime": 0,
    "title": Promise {},
  },
  Object {
    "id": 50650,
    "playTime": 618,
    "title": Promise {},
  },
  Object {
    "id": 7670,
    "playTime": 767,
    "title": Promise {},
  },
  Object {
    "id": 8850,
    "playTime": 82,
    "title": Promise {},
  },
  Object {
    "id": 409710,
    "playTime": 0,
    "title": Promise {},
  },
  Object {
    "id": 409720,
    "playTime": 0,
    "title": Promise {},
  },
  Object {
    "id": 49520,
    "playTime": 3565,
    "title": Promise {},
  },
  Object {
    "id": 204300,
    "playTime": 1862,
    "title": Promise {},
  },
  Object {
    "id": 212680,
    "playTime": 1150,
    "title": Promise {},
  },
  Object {
    "id": 205950,
    "playTime": 211,
    "title": Promise {},
  },
  Object {
    "id": 212580,
    "playTime": 64,
    "title": Promise {},
  },
  Object {
    "id": 219150,
    "playTime": 213,
    "title": Promise {},
  },
  Object {
    "id": 91600,
    "playTime": 0,
    "title": Promise {},
  },
  Object {
    "id": 205100,
    "playTime": 1472,
    "title": Promise {},
  },
  Object {
    "id": 200510,
    "playTime": 3488,
    "title": Promise {},
  },
  Object {
    "id": 205790,
    "playTime": 0,
    "title": Promise {},
  },
  Object {
    "id": 4920,
    "playTime": 0,
    "title": Promise {},
  },
  Object {
    "id": 220240,
    "playTime": 1506,
    "title": Promise {},
  },
  Object {
    "id": 4560,
    "playTime": 0,
    "title": Promise {},
  },
  Object {
    "id": 9340,
    "playTime": 0,
    "title": Promise {},
  },
  Object {
    "id": 20540,
    "playTime": 0,
    "title": Promise {},
  },
  Object {
    "id": 43110,
    "playTime": 29,
    "title": Promise {},
  },
  Object {
    "id": 50620,
    "playTime": 853,
    "title": Promise {},
  },
  Object {
    "id": 55110,
    "playTime": 0,
    "title": Promise {},
  },
  Object {
    "id": 228200,
    "playTime": 0,
    "title": Promise {},
  },
  Object {
    "id": 462780,
    "playTime": 0,
    "title": Promise {},
  },
  Object {
    "id": 17460,
    "playTime": 3026,
    "title": Promise {},
  },
  Object {
    "id": 24980,
    "playTime": 2711,
    "title": Promise {},
  },
  Object {
    "id": 201790,
    "playTime": 0,
    "title": Promise {},
  },
  Object {
    "id": 227300,
    "playTime": 0,
    "title": Promise {},
  },
  Object {
    "id": 219890,
    "playTime": 23,
    "title": Promise {},
  },
  Object {
    "id": 230410,
    "playTime": 753,
    "title": Promise {},
  },
  Object {
    "id": 226320,
    "playTime": 134,
    "title": Promise {},
  },
  Object {
    "id": 8930,
    "playTime": 11827,
    "title": Promise {},
  },
  Object {
    "id": 225260,
    "playTime": 744,
    "title": Promise {},
  },
  Object {
    "id": 203160,
    "playTime": 980,
    "title": Promise {},
  },
  Object {
    "id": 225420,
    "playTime": 0,
    "title": Promise {},
  },
  Object {
    "id": 233450,
    "playTime": 1084,
    "title": Promise {},
  },
  Object {
    "id": 8870,
    "playTime": 626,
    "title": Promise {},
  },
  Object {
    "id": 3830,
    "playTime": 1,
    "title": Promise {},
  },
  Object {
    "id": 115100,
    "playTime": 0,
    "title": Promise {},
  },
  Object {
    "id": 115110,
    "playTime": 0,
    "title": Promise {},
  },
  Object {
    "id": 210770,
    "playTime": 0,
    "title": Promise {},
  },
  Object {
    "id": 233270,
    "playTime": 60,
    "title": Promise {},
  },
  Object {
    "id": 31100,
    "playTime": 0,
    "title": Promise {},
  },
  Object {
    "id": 31110,
    "playTime": 0,
    "title": Promise {},
  },
  Object {
    "id": 31120,
    "playTime": 0,
    "title": Promise {},
  },
  Object {
    "id": 31130,
    "playTime": 0,
    "title": Promise {},
  },
  Object {
    "id": 31220,
    "playTime": 0,
    "title": Promise {},
  },
  Object {
    "id": 31230,
    "playTime": 0,
    "title": Promise {},
  },
  Object {
    "id": 31240,
    "playTime": 0,
    "title": Promise {},
  },
  Object {
    "id": 31250,
    "playTime": 0,
    "title": Promise {},
  },
  Object {
    "id": 31260,
    "playTime": 0,
    "title": Promise {},
  },
  Object {
    "id": 31270,
    "playTime": 0,
    "title": Promise {},
  },
  Object {
    "id": 31280,
    "playTime": 0,
    "title": Promise {},
  },
  Object {
    "id": 31290,
    "playTime": 130,
    "title": Promise {},
  },
  Object {
    "id": 94500,
    "playTime": 0,
    "title": Promise {},
  },
  Object {
    "id": 94510,
    "playTime": 0,
    "title": Promise {},
  },
  Object {
    "id": 94520,
    "playTime": 0,
    "title": Promise {},
  },
  Object {
    "id": 94530,
    "playTime": 0,
    "title": Promise {},
  },
  Object {
    "id": 94590,
    "playTime": 0,
    "title": Promise {},
  },
  Object {
    "id": 94600,
    "playTime": 0,
    "title": Promise {},
  },
  Object {
    "id": 94610,
    "playTime": 0,
    "title": Promise {},
  },
  Object {
    "id": 94620,
    "playTime": 0,
    "title": Promise {},
  },
  Object {
    "id": 225080,
    "playTime": 82,
    "title": Promise {},
  },
  Object {
    "id": 224060,
    "playTime": 250,
    "title": Promise {},
  },
  Object {
    "id": 242550,
    "playTime": 149,
    "title": Promise {},
  },
  Object {
    "id": 209000,
    "playTime": 1660,
    "title": Promise {},
  },
  Object {
    "id": 239820,
    "playTime": 335,
    "title": Promise {},
  },
  Object {
    "id": 206420,
    "playTime": 1534,
    "title": Promise {},
  },
  Object {
    "id": 252950,
    "playTime": 39,
    "title": Promise {},
  },
  Object {
    "id": 242050,
    "playTime": 1036,
    "title": Promise {},
  },
  Object {
    "id": 257120,
    "playTime": 20,
    "title": Promise {},
  },
  Object {
    "id": 242700,
    "playTime": 37,
    "title": Promise {},
  },
  Object {
    "id": 550,
    "playTime": 29,
    "title": Promise {},
  },
  Object {
    "id": 223530,
    "playTime": 0,
    "title": Promise {},
  },
  Object {
    "id": 271590,
    "playTime": 2491,
    "title": Promise {},
  },
  Object {
    "id": 213670,
    "playTime": 1162,
    "title": Promise {},
  },
  Object {
    "id": 287700,
    "playTime": 167,
    "title": Promise {},
  },
  Object {
    "id": 298630,
    "playTime": 18,
    "title": Promise {},
  },
  Object {
    "id": 241930,
    "playTime": 98,
    "title": Promise {},
  },
  Object {
    "id": 307690,
    "playTime": 1207,
    "title": Promise {},
  },
  Object {
    "id": 273350,
    "playTime": 17,
    "title": Promise {},
  },
  Object {
    "id": 209650,
    "playTime": 307,
    "title": Promise {},
  },
  Object {
    "id": 209660,
    "playTime": 0,
    "title": Promise {},
  },
  Object {
    "id": 255710,
    "playTime": 622,
    "title": Promise {},
  },
  Object {
    "id": 359320,
    "playTime": 100,
    "title": Promise {},
  },
  Object {
    "id": 291550,
    "playTime": 889,
    "title": Promise {},
  },
  Object {
    "id": 388080,
    "playTime": 55,
    "title": Promise {},
  },
  Object {
    "id": 234140,
    "playTime": 2112,
    "title": Promise {},
  },
  Object {
    "id": 405310,
    "playTime": 546,
    "title": Promise {},
  },
  Object {
    "id": 208650,
    "playTime": 2544,
    "title": Promise {},
  },
  Object {
    "id": 268500,
    "playTime": 26,
    "title": Promise {},
  },
  Object {
    "id": 392000,
    "playTime": 387,
    "title": Promise {},
  },
  Object {
    "id": 34190,
    "playTime": 130,
    "title": Promise {},
  },
  Object {
    "id": 202530,
    "playTime": 0,
    "title": Promise {},
  },
  Object {
    "id": 213610,
    "playTime": 0,
    "title": Promise {},
  },
  Object {
    "id": 34270,
    "playTime": 13,
    "title": Promise {},
  },
  Object {
    "id": 71250,
    "playTime": 0,
    "title": Promise {},
  },
  Object {
    "id": 200940,
    "playTime": 1,
    "title": Promise {},
  },
  Object {
    "id": 71340,
    "playTime": 90,
    "title": Promise {},
  },
  Object {
    "id": 203650,
    "playTime": 0,
    "title": Promise {},
  },
  Object {
    "id": 212480,
    "playTime": 506,
    "title": Promise {},
  },
  Object {
    "id": 229660,
    "playTime": 0,
    "title": Promise {},
  },
  Object {
    "id": 329440,
    "playTime": 0,
    "title": Promise {},
  },
  Object {
    "id": 48000,
    "playTime": 0,
    "title": Promise {},
  },
  Object {
    "id": 289070,
    "playTime": 4977,
    "title": Promise {},
  },
  Object {
    "id": 460930,
    "playTime": 1167,
    "title": Promise {},
  },
]
`;
